{"logTime": "0916/173518", "correlationVector":"D2anR5JEaZ2lwgiFlR4uw4.1","action":"SyncServerConnectionManagerRequest", "result":"SYNC_SERVER_OK", "context":{"environment":"Prod_germanywestcentral_prod-s01-011-eur-germanywestcentral", "migrationStage":"NotStarted", "server":"akswtt10300006d"}}
{"logTime": "0916/173518", "correlationVector":"D2anR5JEaZ2lwgiFlR4uw4.2","action":"ProcessGetUpdates", "result":"Done", "context":{"dataType":"Encryption Keys", "deleted":"0", "process_failed_to_decrypt":"0", "process_pending_decryption":"0", "process_success":"1", "total":"1"}}
{"logTime": "0916/173519", "correlationVector":"HcXxMmTjKnHJNoCM2IPX7C","action":"SyncServerConnectionManagerRequest", "result":"SYNC_SERVER_OK", "context":{"environment":"", "migrationStage":"", "server":""}}
{"logTime": "0916/173519", "correlationVector":"HcXxMmTjKnHJNoCM2IPX7C.0","action":"EncryptionKeysFetcher.DownloadKeys:", "result":"Success", "context":Key count: 5, Last key timestamp: 2026-06-27T11:51:41Z}
{"logTime": "0916/173519", "correlationVector":"HcXxMmTjKnHJNoCM2IPX7C.1","action":"EncryptionKeysManager::SetEncryptionKeys:", "result":"Success", "context":Key names[5]:[LDzx2vAEZ/zObo7Zgw1b2NauPWWjzE/T2G4mtiQUHQcNtv+HAPFNtqD7sdDqYRI38OnmWhMxmMZsktItgoyHfA==][tcaZTwfaFizBWpYNuwiLGKMSNP5njpJe2SA61YEN5yITgNk/vcCMCmK2/X28dbrxPzm/AVthxk1YO7PF/IXQ1g==][O1iblYMe8x3O4mnh3gmEGRV3Vcf+LSa4ivBwdKvASDllNdPSQZdRALPGOpJLnEC0MkzOttPnnuanp8h2gwy4TA==][174VND7PNmuUzQzFKSO/HiUwTzBe5rRrelvZ/g5kFd2A4y08C02Nmr7sOBvwjJp/ljVKM7yrIKI1R3rnZ9FKzw==][iveD1zBHZSkmdmeyzn2qjh0OnfKDzGP3qamQBh95e16kWEVcKv5yDVrmk2Q/nRBrl99wWLd02wKoAGe1tQBjwQ==]}
{"logTime": "0916/173519", "correlationVector":"HcXxMmTjKnHJNoCM2IPX7C.2","action":"EncryptionKeysManager::SetEncryptionKeysWithTimestamps:", "result":"Success", "context":Key timestamps[5]:[2023-01-17T14:23:31Z][2023-12-14T10:08:04Z][2024-09-18T06:59:29Z][2025-11-22T09:12:55Z][2026-06-27T11:51:41Z]}
{"logTime": "0916/173519", "correlationVector":"D2anR5JEaZ2lwgiFlR4uw4","action":"Initial GetUpdates", "result":"", "context":Reason: NEW_CLIENT. cV=D2anR5JEaZ2lwgiFlR4uw4}
{"logTime": "0916/173519", "correlationVector":"D2anR5JEaZ2lwgiFlR4uw4.3","action":"GetUpdates Response", "result":"Success", "context":Received 1 update(s). cV=D2anR5JEaZ2lwgiFlR4uw4.0;server=akswtt10300006d;cloudType=Consumer;environment=Prod_germanywestcentral_prod-s01-011-eur-germanywestcentral;migrationStage=NotStarted}
{"logTime": "0916/173519", "correlationVector":"+OuzBsv+V7s2KN+pdTH7qI","action":"Initial GetUpdates", "result":"", "context":Reason: NEWLY_SUPPORTED_DATATYPE. cV=+OuzBsv+V7s2KN+pdTH7qI}
{"logTime": "0916/173519", "correlationVector":"+OuzBsv+V7s2KN+pdTH7qI.1","action":"SyncServerConnectionManagerRequest", "result":"SYNC_SERVER_OK", "context":{"environment":"Prod_germanywestcentral_prod-s01-011-eur-germanywestcentral", "migrationStage":"NotStarted", "server":"akswtt10300004t"}}
{"logTime": "0916/173519", "correlationVector":"+OuzBsv+V7s2KN+pdTH7qI.2","action":"ProcessGetUpdates", "result":"Done", "context":{"dataType":"Device Info", "deleted":"0", "process_failed_to_decrypt":"0", "process_pending_decryption":"0", "process_success":"15", "total":"15"}}
{"logTime": "0916/173519", "correlationVector":"+OuzBsv+V7s2KN+pdTH7qI.3","action":"GetUpdates Response", "result":"Success", "context":Received 15 update(s). cV=+OuzBsv+V7s2KN+pdTH7qI.0;server=akswtt10300004t;cloudType=Consumer;environment=Prod_germanywestcentral_prod-s01-011-eur-germanywestcentral;migrationStage=NotStarted}
{"logTime": "0916/173519", "correlationVector":"oJZHJ4dYildmfql87pptmh","action":"Initial GetUpdates", "result":"", "context":Reason: NEWLY_SUPPORTED_DATATYPE. cV=oJZHJ4dYildmfql87pptmh}
{"logTime": "0916/173520", "correlationVector":"oJZHJ4dYildmfql87pptmh.1","action":"SyncServerConnectionManagerRequest", "result":"SYNC_SERVER_OK", "context":{"environment":"Prod_germanywestcentral_prod-s01-011-eur-germanywestcentral", "migrationStage":"NotStarted", "server":"akswtt1030000bo"}}
{"logTime": "0916/173520", "correlationVector":"oJZHJ4dYildmfql87pptmh.2","action":"ProcessGetUpdates", "result":"Done", "context":{"dataType":"Extensions", "deleted":"7", "process_failed_to_decrypt":"0", "process_pending_decryption":"0", "process_success":"9", "total":"9"}}
{"logTime": "0916/173520", "correlationVector":"oJZHJ4dYildmfql87pptmh.3","action":"ProcessGetUpdates", "result":"Done", "context":{"dataType":"Extension settings", "deleted":"2", "process_failed_to_decrypt":"0", "process_pending_decryption":"0", "process_success":"2", "total":"2"}}
{"logTime": "0916/173520", "correlationVector":"oJZHJ4dYildmfql87pptmh.4","action":"ProcessGetUpdates", "result":"Done", "context":{"dataType":"Web Apps", "deleted":"0", "process_failed_to_decrypt":"0", "process_pending_decryption":"0", "process_success":"2", "total":"2"}}
{"logTime": "0916/173520", "correlationVector":"oJZHJ4dYildmfql87pptmh.5","action":"GetUpdates Response", "result":"Success", "context":Received 13 update(s). cV=oJZHJ4dYildmfql87pptmh.0;server=akswtt1030000bo;cloudType=Consumer;environment=Prod_germanywestcentral_prod-s01-011-eur-germanywestcentral;migrationStage=NotStarted}
{"logTime": "0916/173520", "correlationVector":"A7QtioUMbA5cUhfTlSrrTf","action":"Normal GetUpdate request", "result":"", "context":cV=A7QtioUMbA5cUhfTlSrrTf
Nudged types: Device Info
Refresh requested types: Extensions, Extension settings, Device Info, User Consents, Send Tab To Self, Web Apps, Encryption Keys}
{"logTime": "0916/173521", "correlationVector":"A7QtioUMbA5cUhfTlSrrTf.1","action":"SyncServerConnectionManagerRequest", "result":"SYNC_SERVER_OK", "context":{"environment":"Prod_germanywestcentral_prod-s01-011-eur-germanywestcentral", "migrationStage":"NotStarted", "server":"akswtt1030000bt"}}
{"logTime": "0916/173521", "correlationVector":"A7QtioUMbA5cUhfTlSrrTf.2","action":"GetUpdates Response", "result":"Success", "context":Received 0 update(s). cV=A7QtioUMbA5cUhfTlSrrTf.0;server=akswtt1030000bt;cloudType=Consumer;environment=Prod_germanywestcentral_prod-s01-011-eur-germanywestcentral;migrationStage=NotStarted}
{"logTime": "0916/173521", "correlationVector":"oVe67347SK4vO4ltmcDbJs","action":"DoCompareDataConsistency requsted types: ", "result":"Extensions, Extension settings, Send Tab To Self, Web Apps, Encryption Keys"}
{"logTime": "0916/173521", "correlationVector":"oVe67347SK4vO4ltmcDbJs.0","action":"CompareDataConsistency result: ", "result":"Compare result: Encryption Keys is consistent. local entities count is: 1 local entities hash is: c0bRHjsSU7VXu5TiLHJrYu5I1mY="}
{"logTime": "0916/173521", "correlationVector":"oVe67347SK4vO4ltmcDbJs.1","action":"CompareDataConsistency result: ", "result":"Compare result: Extensions is consistent. local entities count is: 2 local entities hash is: ULIQtHOZr+WWeZFb79FInrnYsoQ="}
{"logTime": "0916/173521", "correlationVector":"oVe67347SK4vO4ltmcDbJs.2","action":"CompareDataConsistency result: ", "result":"Compare result: Extension settings is consistent. local entities count is: 0 local entities hash is: "}
{"logTime": "0916/173521", "correlationVector":"oVe67347SK4vO4ltmcDbJs.3","action":"CompareDataConsistency result: ", "result":"Server did not send this Send Tab To Self local entities count is: 0 local entities hash is: "}
{"logTime": "0916/173521", "correlationVector":"oVe67347SK4vO4ltmcDbJs.4","action":"CompareDataConsistency result: ", "result":"Compare result: Web Apps is consistent. local entities count is: 2 local entities hash is: e3lGH+raCVbbZonG+o6u99jm8cs="}
{"logTime": "0916/173521", "correlationVector":"9k25S70wXlhUv3VncYPNkT","action":"Commit Request", "result":"", "context":Item count: 1
Contributing types: Device Info}
{"logTime": "0916/173522", "correlationVector":"9k25S70wXlhUv3VncYPNkT.1","action":"SyncServerConnectionManagerRequest", "result":"SYNC_SERVER_OK", "context":{"environment":"Prod_germanywestcentral_prod-s01-011-eur-germanywestcentral", "migrationStage":"NotStarted", "server":"akswtt10300004t"}}
{"logTime": "0916/173522", "correlationVector":"9k25S70wXlhUv3VncYPNkT.2","action":"Commit Response", "result":"Success", "context":Result: Success. cV=9k25S70wXlhUv3VncYPNkT.0;server=akswtt10300004t;cloudType=Consumer;environment=Prod_germanywestcentral_prod-s01-011-eur-germanywestcentral;migrationStage=NotStarted}
{"logTime": "0916/173522", "correlationVector":"","action":"DIAGNOSTIC_REQUEST|v1/diagnosticData/Diagnostic.SendCheckResult()|SUCCESS", "result":""}
{"logTime": "0916/173541", "correlationVector":"","action":"Microsoft.Sync.State.UserActionableError.30Sec", "result":"Error:7"}
{"logTime": "0916/173541", "correlationVector":"","action":"Microsoft.Sync.State.Existing.UserActionableError.30Sec", "result":"Error:7"}
{"logTime": "0916/173611", "correlationVector":"","action":"Microsoft.Sync.State.UserActionableError.1Min", "result":"Error:7"}
{"logTime": "0916/173611", "correlationVector":"","action":"Microsoft.Sync.State.Existing.UserActionableError.1Min", "result":"Error:7"}
{"logTime": "0916/173711", "correlationVector":"","action":"Microsoft.Sync.State.UserActionableError.2Min", "result":"Error:7"}
{"logTime": "0916/173711", "correlationVector":"","action":"Microsoft.Sync.State.Existing.UserActionableError.2Min", "result":"Error:7"}
{"logTime": "0916/174011", "correlationVector":"","action":"Microsoft.Sync.State.UserActionableError.5Min", "result":"Error:7"}
{"logTime": "0916/174011", "correlationVector":"","action":"Microsoft.Sync.State.Existing.UserActionableError.5Min", "result":"Error:7"}
{"logTime": "0916/180915", "correlationVector":"l/E97xqM8EWQQGq1VLgwU3","action":"Normal GetUpdate request", "result":"", "context":cV=l/E97xqM8EWQQGq1VLgwU3
Notified types: Device Info}
{"logTime": "0916/180916", "correlationVector":"l/E97xqM8EWQQGq1VLgwU3.1","action":"SyncServerConnectionManagerRequest", "result":"SYNC_SERVER_OK", "context":{"environment":"Prod_germanywestcentral_prod-s01-011-eur-germanywestcentral", "migrationStage":"NotStarted", "server":"akswtt1030000bo"}}
{"logTime": "0916/180916", "correlationVector":"l/E97xqM8EWQQGq1VLgwU3.2","action":"ProcessGetUpdates", "result":"Done", "context":{"dataType":"Device Info", "deleted":"0", "process_failed_to_decrypt":"0", "process_pending_decryption":"0", "process_success":"2", "total":"2"}}
{"logTime": "0916/180916", "correlationVector":"l/E97xqM8EWQQGq1VLgwU3.3","action":"GetUpdates Response", "result":"Success", "context":Received 2 update(s). cV=l/E97xqM8EWQQGq1VLgwU3.0;server=akswtt1030000bo;cloudType=Consumer;environment=Prod_germanywestcentral_prod-s01-011-eur-germanywestcentral;migrationStage=NotStarted}
{"logTime": "0916/180930", "correlationVector":"1C6eqluJiEvcJNTEt+AHwH","action":"Normal GetUpdate request", "result":"", "context":cV=1C6eqluJiEvcJNTEt+AHwH
Notified types: Device Info}
{"logTime": "0916/180931", "correlationVector":"1C6eqluJiEvcJNTEt+AHwH.1","action":"SyncServerConnectionManagerRequest", "result":"SYNC_SERVER_OK", "context":{"environment":"Prod_germanywestcentral_prod-s01-011-eur-germanywestcentral", "migrationStage":"NotStarted", "server":"akswtt10300007o"}}
{"logTime": "0916/180931", "correlationVector":"1C6eqluJiEvcJNTEt+AHwH.2","action":"ProcessGetUpdates", "result":"Done", "context":{"dataType":"Device Info", "deleted":"0", "process_failed_to_decrypt":"0", "process_pending_decryption":"0", "process_success":"1", "total":"1"}}
{"logTime": "0916/180931", "correlationVector":"1C6eqluJiEvcJNTEt+AHwH.3","action":"GetUpdates Response", "result":"Success", "context":Received 1 update(s). cV=1C6eqluJiEvcJNTEt+AHwH.0;server=akswtt10300007o;cloudType=Consumer;environment=Prod_germanywestcentral_prod-s01-011-eur-germanywestcentral;migrationStage=NotStarted}
{"logTime": "0916/193058", "correlationVector":"NRi8nyavb3OSqiUv0UXNCa","action":"Normal GetUpdate request", "result":"", "context":cV=NRi8nyavb3OSqiUv0UXNCa
Refresh requested types: Extensions, Extension settings, Device Info, User Consents, Send Tab To Self, Web Apps, Encryption Keys}
{"logTime": "0916/193059", "correlationVector":"NRi8nyavb3OSqiUv0UXNCa.1","action":"SyncServerConnectionManagerRequest", "result":"SYNC_SERVER_OK", "context":{"environment":"Prod_germanywestcentral_prod-s01-011-eur-germanywestcentral", "migrationStage":"NotStarted", "server":"akswtt1030000bg"}}
{"logTime": "0916/193059", "correlationVector":"NRi8nyavb3OSqiUv0UXNCa.2","action":"ProcessGetUpdates", "result":"Done", "context":{"dataType":"Device Info", "deleted":"0", "process_failed_to_decrypt":"0", "process_pending_decryption":"0", "process_success":"1", "total":"1"}}
{"logTime": "0916/193059", "correlationVector":"NRi8nyavb3OSqiUv0UXNCa.3","action":"GetUpdates Response", "result":"Success", "context":Received 1 update(s). cV=NRi8nyavb3OSqiUv0UXNCa.0;server=akswtt1030000bg;cloudType=Consumer;environment=Prod_germanywestcentral_prod-s01-011-eur-germanywestcentral;migrationStage=NotStarted}
{"logTime": "0916/193118", "correlationVector":"","action":"Microsoft.Sync.State.UserActionableError.30Sec", "result":"Error:7"}
{"logTime": "0916/193118", "correlationVector":"","action":"Microsoft.Sync.State.Existing.UserActionableError.30Sec", "result":"Error:7"}
{"logTime": "0916/193119", "correlationVector":"+G9667tlXheUf11uM8nXFa","action":"Normal GetUpdate request", "result":"", "context":cV=+G9667tlXheUf11uM8nXFa
Notified types: Device Info}
{"logTime": "0916/193119", "correlationVector":"+G9667tlXheUf11uM8nXFa.1","action":"SyncServerConnectionManagerRequest", "result":"SYNC_SERVER_OK", "context":{"environment":"Prod_germanywestcentral_prod-s01-011-eur-germanywestcentral", "migrationStage":"NotStarted", "server":"akswtt1030000bm"}}
{"logTime": "0916/193119", "correlationVector":"+G9667tlXheUf11uM8nXFa.2","action":"ProcessGetUpdates", "result":"Done", "context":{"dataType":"Device Info", "deleted":"0", "process_failed_to_decrypt":"0", "process_pending_decryption":"0", "process_success":"1", "total":"1"}}
{"logTime": "0916/193119", "correlationVector":"+G9667tlXheUf11uM8nXFa.3","action":"GetUpdates Response", "result":"Success", "context":Received 1 update(s). cV=+G9667tlXheUf11uM8nXFa.0;server=akswtt1030000bm;cloudType=Consumer;environment=Prod_germanywestcentral_prod-s01-011-eur-germanywestcentral;migrationStage=NotStarted}
{"logTime": "0916/193148", "correlationVector":"","action":"Microsoft.Sync.State.UserActionableError.1Min", "result":"Error:7"}
{"logTime": "0916/193148", "correlationVector":"","action":"Microsoft.Sync.State.Existing.UserActionableError.1Min", "result":"Error:7"}
{"logTime": "0916/193248", "correlationVector":"","action":"Microsoft.Sync.State.UserActionableError.2Min", "result":"Error:7"}
{"logTime": "0916/193248", "correlationVector":"","action":"Microsoft.Sync.State.Existing.UserActionableError.2Min", "result":"Error:7"}
{"logTime": "0916/193548", "correlationVector":"","action":"Microsoft.Sync.State.UserActionableError.5Min", "result":"Error:7"}
{"logTime": "0916/193548", "correlationVector":"","action":"Microsoft.Sync.State.Existing.UserActionableError.5Min", "result":"Error:7"}
{"logTime": "0916/204003", "correlationVector":"wneWWs/saUjlaOfIFo+Xx8","action":"Normal GetUpdate request", "result":"", "context":cV=wneWWs/saUjlaOfIFo+Xx8
Notified types: Device Info}
{"logTime": "0916/204004", "correlationVector":"wneWWs/saUjlaOfIFo+Xx8.1","action":"SyncServerConnectionManagerRequest", "result":"SYNC_SERVER_OK", "context":{"environment":"Prod_germanywestcentral_prod-s01-011-eur-germanywestcentral", "migrationStage":"NotStarted", "server":"akswtt10300004t"}}
{"logTime": "0916/204004", "correlationVector":"wneWWs/saUjlaOfIFo+Xx8.2","action":"ProcessGetUpdates", "result":"Done", "context":{"dataType":"Device Info", "deleted":"0", "process_failed_to_decrypt":"0", "process_pending_decryption":"0", "process_success":"1", "total":"1"}}
{"logTime": "0916/204004", "correlationVector":"wneWWs/saUjlaOfIFo+Xx8.3","action":"GetUpdates Response", "result":"Success", "context":Received 1 update(s). cV=wneWWs/saUjlaOfIFo+Xx8.0;server=akswtt10300004t;cloudType=Consumer;environment=Prod_germanywestcentral_prod-s01-011-eur-germanywestcentral;migrationStage=NotStarted}
{"logTime": "0916/205309", "correlationVector":"vl/sPekQt4gpkZGV8FaaPo","action":"Normal GetUpdate request", "result":"", "context":cV=vl/sPekQt4gpkZGV8FaaPo
Notified types: Device Info}
{"logTime": "0916/205310", "correlationVector":"vl/sPekQt4gpkZGV8FaaPo.1","action":"SyncServerConnectionManagerRequest", "result":"SYNC_SERVER_OK", "context":{"environment":"Prod_germanywestcentral_prod-s01-011-eur-germanywestcentral", "migrationStage":"NotStarted", "server":"akswtt10300007t"}}
{"logTime": "0916/205310", "correlationVector":"vl/sPekQt4gpkZGV8FaaPo.2","action":"ProcessGetUpdates", "result":"Done", "context":{"dataType":"Device Info", "deleted":"0", "process_failed_to_decrypt":"0", "process_pending_decryption":"0", "process_success":"1", "total":"1"}}
{"logTime": "0916/205310", "correlationVector":"vl/sPekQt4gpkZGV8FaaPo.3","action":"GetUpdates Response", "result":"Success", "context":Received 1 update(s). cV=vl/sPekQt4gpkZGV8FaaPo.0;server=akswtt10300007t;cloudType=Consumer;environment=Prod_germanywestcentral_prod-s01-011-eur-germanywestcentral;migrationStage=NotStarted}
{"logTime": "0916/205833", "correlationVector":"FfYIIaSVZNi6YoMJoZujxF","action":"Normal GetUpdate request", "result":"", "context":cV=FfYIIaSVZNi6YoMJoZujxF
Notified types: Device Info}
{"logTime": "0916/205834", "correlationVector":"FfYIIaSVZNi6YoMJoZujxF.1","action":"SyncServerConnectionManagerRequest", "result":"SYNC_SERVER_OK", "context":{"environment":"Prod_germanywestcentral_prod-s01-011-eur-germanywestcentral", "migrationStage":"NotStarted", "server":"akswtt10300004t"}}
{"logTime": "0916/205834", "correlationVector":"FfYIIaSVZNi6YoMJoZujxF.2","action":"ProcessGetUpdates", "result":"Done", "context":{"dataType":"Device Info", "deleted":"0", "process_failed_to_decrypt":"0", "process_pending_decryption":"0", "process_success":"1", "total":"1"}}
{"logTime": "0916/205834", "correlationVector":"FfYIIaSVZNi6YoMJoZujxF.3","action":"GetUpdates Response", "result":"Success", "context":Received 1 update(s). cV=FfYIIaSVZNi6YoMJoZujxF.0;server=akswtt10300004t;cloudType=Consumer;environment=Prod_germanywestcentral_prod-s01-011-eur-germanywestcentral;migrationStage=NotStarted}
{"logTime": "0916/210132", "correlationVector":"kmCQ3u51aUaooLrkJPwDdD","action":"Normal GetUpdate request", "result":"", "context":cV=kmCQ3u51aUaooLrkJPwDdD
Notified types: Device Info}
{"logTime": "0916/210133", "correlationVector":"kmCQ3u51aUaooLrkJPwDdD.1","action":"SyncServerConnectionManagerRequest", "result":"SYNC_SERVER_OK", "context":{"environment":"Prod_germanywestcentral_prod-s01-011-eur-germanywestcentral", "migrationStage":"NotStarted", "server":"akswtt10300004r"}}
{"logTime": "0916/210133", "correlationVector":"kmCQ3u51aUaooLrkJPwDdD.2","action":"ProcessGetUpdates", "result":"Done", "context":{"dataType":"Device Info", "deleted":"0", "process_failed_to_decrypt":"0", "process_pending_decryption":"0", "process_success":"1", "total":"1"}}
{"logTime": "0916/210133", "correlationVector":"kmCQ3u51aUaooLrkJPwDdD.3","action":"GetUpdates Response", "result":"Success", "context":Received 1 update(s). cV=kmCQ3u51aUaooLrkJPwDdD.0;server=akswtt10300004r;cloudType=Consumer;environment=Prod_germanywestcentral_prod-s01-011-eur-germanywestcentral;migrationStage=NotStarted}
{"logTime": "0916/210646", "correlationVector":"T+faPt5Eeb5K9aOOTyK+vI","action":"Normal GetUpdate request", "result":"", "context":cV=T+faPt5Eeb5K9aOOTyK+vI
Notified types: Device Info}
{"logTime": "0916/210647", "correlationVector":"T+faPt5Eeb5K9aOOTyK+vI.1","action":"SyncServerConnectionManagerRequest", "result":"SYNC_SERVER_OK", "context":{"environment":"Prod_germanywestcentral_prod-s01-011-eur-germanywestcentral", "migrationStage":"NotStarted", "server":"akswtt10300007r"}}
{"logTime": "0916/210647", "correlationVector":"T+faPt5Eeb5K9aOOTyK+vI.2","action":"ProcessGetUpdates", "result":"Done", "context":{"dataType":"Device Info", "deleted":"0", "process_failed_to_decrypt":"0", "process_pending_decryption":"0", "process_success":"1", "total":"1"}}
{"logTime": "0916/210647", "correlationVector":"T+faPt5Eeb5K9aOOTyK+vI.3","action":"GetUpdates Response", "result":"Success", "context":Received 1 update(s). cV=T+faPt5Eeb5K9aOOTyK+vI.0;server=akswtt10300007r;cloudType=Consumer;environment=Prod_germanywestcentral_prod-s01-011-eur-germanywestcentral;migrationStage=NotStarted}
{"logTime": "0916/210712", "correlationVector":"F61ySDLhXnK0TXvNtnEE/O","action":"Normal GetUpdate request", "result":"", "context":cV=F61ySDLhXnK0TXvNtnEE/O
Notified types: Device Info}
{"logTime": "0916/210712", "correlationVector":"F61ySDLhXnK0TXvNtnEE/O.1","action":"SyncServerConnectionManagerRequest", "result":"SYNC_SERVER_OK", "context":{"environment":"Prod_germanywestcentral_prod-s01-011-eur-germanywestcentral", "migrationStage":"NotStarted", "server":"akswtt10300009l"}}
{"logTime": "0916/210712", "correlationVector":"F61ySDLhXnK0TXvNtnEE/O.2","action":"ProcessGetUpdates", "result":"Done", "context":{"dataType":"Device Info", "deleted":"0", "process_failed_to_decrypt":"0", "process_pending_decryption":"0", "process_success":"1", "total":"1"}}
{"logTime": "0916/210712", "correlationVector":"F61ySDLhXnK0TXvNtnEE/O.3","action":"GetUpdates Response", "result":"Success", "context":Received 1 update(s). cV=F61ySDLhXnK0TXvNtnEE/O.0;server=akswtt10300009l;cloudType=Consumer;environment=Prod_germanywestcentral_prod-s01-011-eur-germanywestcentral;migrationStage=NotStarted}
{"logTime": "0916/211506", "correlationVector":"jlRsthX2a/16YMIBp/2AP+","action":"Normal GetUpdate request", "result":"", "context":cV=jlRsthX2a/16YMIBp/2AP+
Notified types: Device Info}
{"logTime": "0916/211506", "correlationVector":"jlRsthX2a/16YMIBp/2AP+.1","action":"SyncServerConnectionManagerRequest", "result":"SYNC_SERVER_OK", "context":{"environment":"Prod_germanywestcentral_prod-s01-011-eur-germanywestcentral", "migrationStage":"NotStarted", "server":"akswtt1030000bi"}}
{"logTime": "0916/211506", "correlationVector":"jlRsthX2a/16YMIBp/2AP+.2","action":"ProcessGetUpdates", "result":"Done", "context":{"dataType":"Device Info", "deleted":"0", "process_failed_to_decrypt":"0", "process_pending_decryption":"0", "process_success":"1", "total":"1"}}
{"logTime": "0916/211506", "correlationVector":"jlRsthX2a/16YMIBp/2AP+.3","action":"GetUpdates Response", "result":"Success", "context":Received 1 update(s). cV=jlRsthX2a/16YMIBp/2AP+.0;server=akswtt1030000bi;cloudType=Consumer;environment=Prod_germanywestcentral_prod-s01-011-eur-germanywestcentral;migrationStage=NotStarted}
