2026-09-16 17:35:11.315: [INFO][Sync] SyncState after authenticated was: FeatureNotSetup
2026-09-16 17:35:11.658: [INFO][Sync] Try to start sync engine
2026-09-16 17:35:11.661: [INFO][SyncManagerImpl::NudgeForInitialDownload] Initial download nudge for Encryption Keys
2026-09-16 17:35:11.661: [INFO][SyncEngineBackend::LoadAndConnectNigoriController] Load and connect Nigori controller
2026-09-16 17:35:11.661: [INFO][SyncEngineBackend::DoInitialize] Control Types added: Encryption Keys
2026-09-16 17:35:11.661: [INFO][SyncManagerImpl::ConfigureSyncer] Types to download: Encryption Keys with reason: 3
2026-09-16 17:35:11.661: [INFO][SyncSchedulerImpl::DoConfigurationSyncCycleJob] Configure job was blocked
2026-09-16 17:35:12.304: [INFO][SyncAuthManager::SetLastAuthError] Current auth error: None
2026-09-16 17:35:12.304: [INFO][SyncAuthManager::EdgeLogTokenErrorState] Token error with: None for account type: MSA
2026-09-16 17:35:12.304: [INFO][Sync] Credentials changed for: EdgeSyncScopeNew
2026-09-16 17:35:17.950: [INFO][SyncAuthManager::SetLastAuthError] Current auth error: None
2026-09-16 17:35:17.950: [INFO][SyncAuthManager::EdgeLogTokenErrorState] Token error with: None for account type: MSA
2026-09-16 17:35:17.950: [INFO][Sync] Credentials changed for: EdgeSyncKeyDataScope
2026-09-16 17:35:17.950: [INFO][SyncEngineBackend::DoUpdateKeyDataCredentials] Update key data credentials
2026-09-16 17:35:17.950: [INFO][SyncEngineBackend::DoUpdateCredentials] Update credentials
2026-09-16 17:35:17.950: [INFO][SyncSchedulerImpl::DoConfigurationSyncCycleJob] Blocked types:  and types to download: Encryption Keys
2026-09-16 17:35:18.916: [INFO][Sync] Started DataTypeManager configuration, reason: 4
2026-09-16 17:35:18.916: [INFO][Sync] Configuring for: Extensions, Extension settings, Device Info, User Consents, Send Tab To Self, Web Apps, Encryption Keys, reason: 3, current state: 0
2026-09-16 17:35:18.916: [WARN][Sync] Crypto error data types: 
2026-09-16 17:35:18.922: [INFO][Sync] Configure, desired: Extensions, Extension settings, Device Info, User Consents, Send Tab To Self, Web Apps, Encryption Keys; Allow fail: 
2026-09-16 17:35:18.922: [INFO][Sync] Loading: Extensions
2026-09-16 17:35:18.922: [INFO][Sync] Loading: Extension settings
2026-09-16 17:35:18.922: [INFO][Sync] Loading: Device Info
2026-09-16 17:35:18.922: [INFO][Sync] Loading: User Consents
2026-09-16 17:35:18.922: [INFO][Sync] Loading: Send Tab To Self
2026-09-16 17:35:18.922: [INFO][Sync] Loading: Web Apps
2026-09-16 17:35:18.932: [INFO][Sync] All data types are ready for configure.
2026-09-16 17:35:19.395: [INFO][Sync] Started DataTypeManager configuration, reason: 5
2026-09-16 17:35:19.395: [INFO][Sync] Configuring for: Extensions, Extension settings, Device Info, User Consents, Send Tab To Self, Web Apps, Encryption Keys, reason: 5, current state: 1
2026-09-16 17:35:19.402: [INFO][SyncEngineBackend::DoStartConfiguration] Start configuration
2026-09-16 17:35:19.403: [INFO][SyncManagerImpl::NudgeForInitialDownload] Initial download nudge for Extensions
2026-09-16 17:35:19.403: [INFO][SyncManagerImpl::NudgeForInitialDownload] Initial download nudge for Extension settings
2026-09-16 17:35:19.403: [INFO][SyncManagerImpl::NudgeForInitialDownload] Initial download nudge for Device Info
2026-09-16 17:35:19.403: [INFO][SyncManagerImpl::NudgeForInitialDownload] Initial download nudge for Send Tab To Self
2026-09-16 17:35:19.403: [INFO][SyncManagerImpl::NudgeForInitialDownload] Initial download nudge for Web Apps
2026-09-16 17:35:19.403: [INFO][SyncManagerImpl::ConfigureSyncer] Types to download:  with reason: 3
2026-09-16 17:35:19.403: [INFO][SyncEngineBackend::DoFinishConfigureDataTypes] Failed to download types:  and succeeded types: 
2026-09-16 17:35:19.403: [INFO][Sync] ConfigurationDone, failed: , succeeded: , remaining count: 2
2026-09-16 17:35:19.404: [WARN][Sync]     Reconfigure requested while configuration ongoing.
2026-09-16 17:35:19.404: [INFO][Sync] Configuring for: Extensions, Extension settings, Device Info, User Consents, Send Tab To Self, Web Apps, Encryption Keys, reason: 5, current state: 2
2026-09-16 17:35:19.404: [INFO][Sync] Configure, desired: Extensions, Extension settings, Device Info, User Consents, Send Tab To Self, Web Apps, Encryption Keys; Allow fail: 
2026-09-16 17:35:19.404: [INFO][Sync] All data types are ready for configure.
2026-09-16 17:35:19.404: [INFO][SyncManagerImpl::ConfigureSyncer] Types to download:  with reason: 5
2026-09-16 17:35:19.404: [INFO][SyncEngineBackend::DoFinishConfigureDataTypes] Failed to download types:  and succeeded types: 
2026-09-16 17:35:19.404: [INFO][Sync] ConfigurationDone, failed: , succeeded: , remaining count: 2
2026-09-16 17:35:19.404: [INFO][Sync] Prepare to configure types: Device Info, Encryption Keys
2026-09-16 17:35:19.404: [INFO][SyncManagerImpl::ConfigureSyncer] Types to download: Device Info, Encryption Keys with reason: 5
2026-09-16 17:35:19.404: [INFO][SyncSchedulerImpl::DoConfigurationSyncCycleJob] Blocked types:  and types to download: Device Info, Encryption Keys
2026-09-16 17:35:19.881: [INFO][SyncEngineBackend::DoFinishConfigureDataTypes] Failed to download types:  and succeeded types: Device Info, Encryption Keys
2026-09-16 17:35:19.887: [INFO][Sync] ConfigurationDone, failed: , succeeded: Device Info, Encryption Keys, remaining count: 1
2026-09-16 17:35:19.887: [INFO][Sync] Prepare to configure types: Extensions, Extension settings, Send Tab To Self, Web Apps, Encryption Keys
2026-09-16 17:35:19.887: [INFO][SyncManagerImpl::ConfigureSyncer] Types to download: Extensions, Extension settings, Send Tab To Self, Web Apps, Encryption Keys with reason: 5
2026-09-16 17:35:19.888: [INFO][SyncSchedulerImpl::DoConfigurationSyncCycleJob] Blocked types:  and types to download: Extensions, Extension settings, Send Tab To Self, Web Apps, Encryption Keys
2026-09-16 17:35:20.436: [INFO][SyncEngineBackend::DoFinishConfigureDataTypes] Failed to download types:  and succeeded types: Extensions, Extension settings, Send Tab To Self, Web Apps, Encryption Keys
2026-09-16 17:35:20.444: [INFO][Sync] ConfigurationDone, failed: , succeeded: Extensions, Extension settings, Send Tab To Self, Web Apps, Encryption Keys, remaining count: 0
2026-09-16 17:35:20.444: [INFO][Sync]     Configuration completed, state: 7
2026-09-16 17:35:20.444: [INFO][Sync] Configured DataTypeManager: Ok
2026-09-16 17:35:20.459: [INFO][SyncEngineBackend::DoStartSyncing] Start syncing
2026-09-16 19:30:48.495: [INFO][Sync] SyncState after authenticated was: FeatureNotSetup
2026-09-16 19:30:50.909: [INFO][SyncAuthManager::SetLastAuthError] Current auth error: None
2026-09-16 19:30:50.909: [INFO][SyncAuthManager::EdgeLogTokenErrorState] Token error with: None for account type: MSA
2026-09-16 19:30:50.909: [INFO][Sync] Credentials changed for: EdgeSyncKeyDataScope
2026-09-16 19:30:58.796: [INFO][Sync] Try to start sync engine
2026-09-16 19:30:58.815: [INFO][SyncEngineBackend::LoadAndConnectNigoriController] Load and connect Nigori controller
2026-09-16 19:30:58.815: [INFO][SyncEngineBackend::DoInitialize] Control Types added: 
2026-09-16 19:30:58.815: [INFO][SyncManagerImpl::ConfigureSyncer] Types to download:  with reason: 4
2026-09-16 19:30:58.816: [INFO][SyncEngineBackend::DoUpdateKeyDataCredentials] Update key data credentials
2026-09-16 19:30:58.828: [INFO][Sync] Started DataTypeManager configuration, reason: 4
2026-09-16 19:30:58.828: [INFO][Sync] Configuring for: Extensions, Extension settings, Device Info, User Consents, Send Tab To Self, Web Apps, Encryption Keys, reason: 4, current state: 0
2026-09-16 19:30:58.829: [INFO][SyncEngineBackend::DoStartConfiguration] Start configuration
2026-09-16 19:30:58.833: [INFO][Sync] Configure, desired: Extensions, Extension settings, Device Info, User Consents, Send Tab To Self, Web Apps, Encryption Keys; Allow fail: 
2026-09-16 19:30:58.835: [INFO][Sync] Loading: Extensions
2026-09-16 19:30:58.835: [INFO][Sync] Loading: Extension settings
2026-09-16 19:30:58.835: [INFO][Sync] Loading: Device Info
2026-09-16 19:30:58.835: [INFO][Sync] Loading: User Consents
2026-09-16 19:30:58.835: [INFO][Sync] Loading: Send Tab To Self
2026-09-16 19:30:58.835: [INFO][Sync] Loading: Web Apps
2026-09-16 19:30:58.842: [INFO][SyncAuthManager::SetLastAuthError] Current auth error: None
2026-09-16 19:30:58.842: [INFO][SyncAuthManager::EdgeLogTokenErrorState] Token error with: None for account type: MSA
2026-09-16 19:30:58.842: [INFO][Sync] Credentials changed for: EdgeSyncScopeNew
2026-09-16 19:30:58.842: [INFO][SyncEngineBackend::DoUpdateCredentials] Update credentials
2026-09-16 19:30:58.842: [INFO][SyncEngineBackend::DoUpdateKeyDataCredentials] Update key data credentials
2026-09-16 19:30:58.848: [INFO][Sync] All data types are ready for configure.
2026-09-16 19:30:58.849: [INFO][SyncManagerImpl::ConfigureSyncer] Types to download:  with reason: 4
2026-09-16 19:30:58.849: [INFO][SyncEngineBackend::DoFinishConfigureDataTypes] Failed to download types:  and succeeded types: 
2026-09-16 19:30:58.860: [INFO][Sync] ConfigurationDone, failed: , succeeded: , remaining count: 2
2026-09-16 19:30:58.861: [INFO][SyncManagerImpl::ConfigureSyncer] Types to download:  with reason: 4
2026-09-16 19:30:58.861: [INFO][SyncEngineBackend::DoFinishConfigureDataTypes] Failed to download types:  and succeeded types: 
2026-09-16 19:30:58.861: [INFO][Sync] ConfigurationDone, failed: , succeeded: , remaining count: 1
2026-09-16 19:30:58.862: [INFO][SyncManagerImpl::ConfigureSyncer] Types to download:  with reason: 4
2026-09-16 19:30:58.862: [INFO][SyncEngineBackend::DoFinishConfigureDataTypes] Failed to download types:  and succeeded types: 
2026-09-16 19:30:58.862: [INFO][Sync] ConfigurationDone, failed: , succeeded: , remaining count: 0
2026-09-16 19:30:58.862: [INFO][Sync]     Configuration completed, state: 3
2026-09-16 19:30:58.862: [INFO][Sync] Configured DataTypeManager: Ok
2026-09-16 19:30:58.870: [INFO][SyncEngineBackend::DoStartSyncing] Start syncing
