{"logTime": "0825/111328", "correlationVector":"","action":"Microsoft.Sync.State.UserActionableError.30Sec", "result":"Error:7"}
{"logTime": "0825/111328", "correlationVector":"","action":"Microsoft.Sync.State.Sign.In.UserActionableError.30Sec", "result":"Error:7"}
{"logTime": "0825/111358", "correlationVector":"","action":"Microsoft.Sync.State.UserActionableError.1Min", "result":"Error:7"}
{"logTime": "0825/111358", "correlationVector":"","action":"Microsoft.Sync.State.Sign.In.UserActionableError.1Min", "result":"Error:7"}
{"logTime": "0825/111458", "correlationVector":"","action":"Microsoft.Sync.State.UserActionableError.2Min", "result":"Error:7"}
{"logTime": "0825/111458", "correlationVector":"","action":"Microsoft.Sync.State.Sign.In.UserActionableError.2Min", "result":"Error:7"}
{"logTime": "0825/111758", "correlationVector":"","action":"Microsoft.Sync.State.UserActionableError.5Min", "result":"Error:7"}
{"logTime": "0825/111758", "correlationVector":"","action":"Microsoft.Sync.State.Sign.In.UserActionableError.5Min", "result":"Error:7"}
{"logTime": "0826/175812", "correlationVector":"","action":"Microsoft.Sync.State.UserActionableError.30Sec", "result":"Error:7"}
{"logTime": "0826/175812", "correlationVector":"","action":"Microsoft.Sync.State.Existing.UserActionableError.30Sec", "result":"Error:7"}
{"logTime": "0826/175842", "correlationVector":"","action":"Microsoft.Sync.State.UserActionableError.1Min", "result":"Error:7"}
{"logTime": "0826/175842", "correlationVector":"","action":"Microsoft.Sync.State.Existing.UserActionableError.1Min", "result":"Error:7"}
{"logTime": "0826/175942", "correlationVector":"","action":"Microsoft.Sync.State.UserActionableError.2Min", "result":"Error:7"}
{"logTime": "0826/175942", "correlationVector":"","action":"Microsoft.Sync.State.Existing.UserActionableError.2Min", "result":"Error:7"}
{"logTime": "0826/180242", "correlationVector":"","action":"Microsoft.Sync.State.UserActionableError.5Min", "result":"Error:7"}
{"logTime": "0826/180242", "correlationVector":"","action":"Microsoft.Sync.State.Existing.UserActionableError.5Min", "result":"Error:7"}
{"logTime": "0828/183004", "correlationVector":"","action":"Microsoft.Sync.State.UserActionableError.30Sec", "result":"Error:7"}
{"logTime": "0828/183004", "correlationVector":"","action":"Microsoft.Sync.State.Existing.UserActionableError.30Sec", "result":"Error:7"}
{"logTime": "0828/183034", "correlationVector":"","action":"Microsoft.Sync.State.UserActionableError.1Min", "result":"Error:7"}
{"logTime": "0828/183034", "correlationVector":"","action":"Microsoft.Sync.State.Existing.UserActionableError.1Min", "result":"Error:7"}
{"logTime": "0828/183134", "correlationVector":"","action":"Microsoft.Sync.State.UserActionableError.2Min", "result":"Error:7"}
{"logTime": "0828/183134", "correlationVector":"","action":"Microsoft.Sync.State.Existing.UserActionableError.2Min", "result":"Error:7"}
{"logTime": "0828/183434", "correlationVector":"","action":"Microsoft.Sync.State.UserActionableError.5Min", "result":"Error:7"}
{"logTime": "0828/183434", "correlationVector":"","action":"Microsoft.Sync.State.Existing.UserActionableError.5Min", "result":"Error:7"}
{"logTime": "0912/132631", "correlationVector":"","action":"Microsoft.Sync.State.UserActionableError.30Sec", "result":"Error:7"}
{"logTime": "0912/132631", "correlationVector":"","action":"Microsoft.Sync.State.Existing.UserActionableError.30Sec", "result":"Error:7"}
{"logTime": "0912/132701", "correlationVector":"","action":"Microsoft.Sync.State.UserActionableError.1Min", "result":"Error:7"}
{"logTime": "0912/132701", "correlationVector":"","action":"Microsoft.Sync.State.Existing.UserActionableError.1Min", "result":"Error:7"}
{"logTime": "0912/132801", "correlationVector":"","action":"Microsoft.Sync.State.UserActionableError.2Min", "result":"Error:7"}
{"logTime": "0912/132801", "correlationVector":"","action":"Microsoft.Sync.State.Existing.UserActionableError.2Min", "result":"Error:7"}
{"logTime": "0912/133101", "correlationVector":"","action":"Microsoft.Sync.State.UserActionableError.5Min", "result":"Error:7"}
{"logTime": "0912/133101", "correlationVector":"","action":"Microsoft.Sync.State.Existing.UserActionableError.5Min", "result":"Error:7"}
{"logTime": "0913/130324", "correlationVector":"","action":"Microsoft.Sync.State.UserActionableError.30Sec", "result":"Error:7"}
{"logTime": "0913/130324", "correlationVector":"","action":"Microsoft.Sync.State.Existing.UserActionableError.30Sec", "result":"Error:7"}
{"logTime": "0913/130354", "correlationVector":"","action":"Microsoft.Sync.State.UserActionableError.1Min", "result":"Error:7"}
{"logTime": "0913/130354", "correlationVector":"","action":"Microsoft.Sync.State.Existing.UserActionableError.1Min", "result":"Error:7"}
{"logTime": "0913/130454", "correlationVector":"","action":"Microsoft.Sync.State.UserActionableError.2Min", "result":"Error:7"}
{"logTime": "0913/130454", "correlationVector":"","action":"Microsoft.Sync.State.Existing.UserActionableError.2Min", "result":"Error:7"}
{"logTime": "0913/130754", "correlationVector":"","action":"Microsoft.Sync.State.UserActionableError.5Min", "result":"Error:7"}
{"logTime": "0913/130754", "correlationVector":"","action":"Microsoft.Sync.State.Existing.UserActionableError.5Min", "result":"Error:7"}
{"logTime": "0914/135512", "correlationVector":"","action":"Microsoft.Sync.State.UserActionableError.30Sec", "result":"Error:7"}
{"logTime": "0914/135512", "correlationVector":"","action":"Microsoft.Sync.State.Existing.UserActionableError.30Sec", "result":"Error:7"}
{"logTime": "0914/135542", "correlationVector":"","action":"Microsoft.Sync.State.UserActionableError.1Min", "result":"Error:7"}
{"logTime": "0914/135542", "correlationVector":"","action":"Microsoft.Sync.State.Existing.UserActionableError.1Min", "result":"Error:7"}
{"logTime": "0914/135642", "correlationVector":"","action":"Microsoft.Sync.State.UserActionableError.2Min", "result":"Error:7"}
{"logTime": "0914/135642", "correlationVector":"","action":"Microsoft.Sync.State.Existing.UserActionableError.2Min", "result":"Error:7"}
{"logTime": "0914/135942", "correlationVector":"","action":"Microsoft.Sync.State.UserActionableError.5Min", "result":"Error:7"}
{"logTime": "0914/135942", "correlationVector":"","action":"Microsoft.Sync.State.Existing.UserActionableError.5Min", "result":"Error:7"}
