2026-08-25 11:12:57.471: [INFO][Sync] Reset engine, reason: 8
2026-08-25 11:12:57.471: [INFO][Sync] Stopped: Bookmarks
2026-08-25 11:12:57.471: [INFO][Sync] Stopped: Preferences
2026-08-25 11:12:57.471: [INFO][Sync] Stopped: Passwords
2026-08-25 11:12:57.471: [INFO][Sync] Stopped: Autofill Profiles
2026-08-25 11:12:57.471: [INFO][Sync] Stopped: Autofill
2026-08-25 11:12:57.471: [INFO][Sync] Stopped: Extensions
2026-08-25 11:12:57.471: [INFO][Sync] Stopped: Sessions
2026-08-25 11:12:57.471: [INFO][Sync] Stopped: Extension settings
2026-08-25 11:12:57.471: [INFO][Sync] Stopped: History Delete Directives
2026-08-25 11:12:57.471: [INFO][Sync] Stopped: Device Info
2026-08-25 11:12:57.471: [INFO][Sync] Stopped: User Consents
2026-08-25 11:12:57.471: [INFO][Sync] Stopped: Send Tab To Self
2026-08-25 11:12:57.471: [INFO][Sync] Stopped: Web Apps
2026-08-25 11:12:57.471: [INFO][Sync] Stopped: History
2026-08-25 11:12:57.471: [INFO][Sync] Stopped: Saved Tab Group
2026-08-25 11:12:57.471: [INFO][Sync] Stopped: WebAuthn Credentials
2026-08-25 11:12:57.471: [INFO][Sync] Stopped: Edge E Drop
2026-08-25 11:12:57.471: [INFO][Sync] Stopped: Edge Hub App Usage
2026-08-25 11:12:57.471: [INFO][Sync] Stopped: Edge Workspace
2026-08-25 11:12:57.471: [INFO][Sync] SyncState after authenticated was: NotSignedIn
2026-08-25 11:12:57.687: [INFO][Sync] Reset engine, reason: 8
2026-08-25 11:12:57.687: [INFO][Sync] Stopped: Bookmarks
2026-08-25 11:12:57.687: [INFO][Sync] Stopped: Preferences
2026-08-25 11:12:57.687: [INFO][Sync] Stopped: Passwords
2026-08-25 11:12:57.687: [INFO][Sync] Stopped: Autofill Profiles
2026-08-25 11:12:57.687: [INFO][Sync] Stopped: Autofill
2026-08-25 11:12:57.687: [INFO][Sync] Stopped: Extensions
2026-08-25 11:12:57.687: [INFO][Sync] Stopped: Sessions
2026-08-25 11:12:57.687: [INFO][Sync] Stopped: Extension settings
2026-08-25 11:12:57.687: [INFO][Sync] Stopped: History Delete Directives
2026-08-25 11:12:57.687: [INFO][Sync] Stopped: Device Info
2026-08-25 11:12:57.687: [INFO][Sync] Stopped: User Consents
2026-08-25 11:12:57.687: [INFO][Sync] Stopped: Send Tab To Self
2026-08-25 11:12:57.687: [INFO][Sync] Stopped: Web Apps
2026-08-25 11:12:57.687: [INFO][Sync] Stopped: History
2026-08-25 11:12:57.687: [INFO][Sync] Stopped: Saved Tab Group
2026-08-25 11:12:57.687: [INFO][Sync] Stopped: WebAuthn Credentials
2026-08-25 11:12:57.687: [INFO][Sync] Stopped: Edge E Drop
2026-08-25 11:12:57.687: [INFO][Sync] Stopped: Edge Hub App Usage
2026-08-25 11:12:57.687: [INFO][Sync] Stopped: Edge Workspace
2026-08-26 17:57:42.110: [INFO][Sync] SyncState after authenticated was: FeatureNotSetup
2026-08-28 18:29:34.805: [INFO][Sync] SyncState after authenticated was: FeatureNotSetup
2026-09-12 13:26:01.716: [INFO][Sync] SyncState after authenticated was: FeatureNotSetup
2026-09-13 13:02:54.724: [INFO][Sync] SyncState after authenticated was: FeatureNotSetup
2026-09-14 13:54:42.592: [INFO][Sync] SyncState after authenticated was: FeatureNotSetup
