[0917/182900.523:WARNING:content\browser\btm\btm_database.cc:128] Failed to initialize the DIPS SQLite database.
[0917/182900.647:WARNING:components\leveldb_proto\internal\leveldb_database.cc:102] Unable to open C:\Users\alecl\Desktop\script2\saved_profiles\profile_prova\chrome_profile\Default\shared_proto_db\metadata: IO error: C:\Users\alecl\Desktop\script2\saved_profiles\profile_prova\chrome_profile\Default\shared_proto_db\metadata/LOCK: Access denied. (ChromeMethodBFE: 15::LockFile::5)
[0917/182902.683:WARNING:components\leveldb_proto\internal\leveldb_database.cc:102] Unable to open C:\Users\alecl\Desktop\script2\saved_profiles\profile_prova\chrome_profile\Default\shared_proto_db\metadata: IO error: C:\Users\alecl\Desktop\script2\saved_profiles\profile_prova\chrome_profile\Default\shared_proto_db\metadata/LOCK: Access denied. (ChromeMethodBFE: 15::LockFile::5)
[0917/182904.836:WARNING:components\leveldb_proto\internal\leveldb_database.cc:102] Unable to open C:\Users\alecl\Desktop\script2\saved_profiles\profile_prova\chrome_profile\Default\shared_proto_db\metadata: IO error: C:\Users\alecl\Desktop\script2\saved_profiles\profile_prova\chrome_profile\Default\shared_proto_db\metadata/LOCK: Access denied. (ChromeMethodBFE: 15::LockFile::5)
[0917/182905.900:INFO:CONSOLE:0] "Access to fetch at 'https://authentication-prod.ar.indazn.com/v1/anonymous-user' from origin 'https://www.dazn.com' has been blocked by CORS policy: No 'Access-Control-Allow-Origin' header is present on the requested resource.", source: https://www.dazn.com/it-IT/home (0)
[0917/182905.905:INFO:CONSOLE:2] "[BOOTSTRAP] Anonymous Token Generation Error TypeError: Failed to fetch", source: https://www.dazn.com/static/boot-29.403.0-e450984fe55d4a49445b.js (2)
[0917/182906.621:INFO:CONSOLE:2] "✅ Bootstrap init: 1961.7000000029802ms", source: https://www.dazn.com/static/boot-29.403.0-e450984fe55d4a49445b.js (2)
[0917/182906.626:INFO:CONSOLE:2] "✅ App launch: 7439.4000000059605ms", source: https://www.dazn.com/static/boot-29.403.0-e450984fe55d4a49445b.js (2)
[0917/182906.957:WARNING:components\leveldb_proto\internal\leveldb_database.cc:102] Unable to open C:\Users\alecl\Desktop\script2\saved_profiles\profile_prova\chrome_profile\Default\shared_proto_db\metadata: IO error: C:\Users\alecl\Desktop\script2\saved_profiles\profile_prova\chrome_profile\Default\shared_proto_db\metadata/LOCK: Access denied. (ChromeMethodBFE: 15::LockFile::5)
[0917/182909.014:INFO:CONSOLE:0] "Access to fetch at 'https://authentication-prod.ar.indazn.com/v1/anonymous-user' from origin 'https://www.dazn.com' has been blocked by CORS policy: No 'Access-Control-Allow-Origin' header is present on the requested resource.", source: https://www.dazn.com/it-IT/home (0)
[0917/182909.016:INFO:CONSOLE:2] "[BOOTSTRAP] Anonymous Token Generation Error TypeError: Failed to fetch", source: https://www.dazn.com/static/boot-29.403.0-e450984fe55d4a49445b.js (2)
[0917/182909.283:INFO:CONSOLE:2] "✅ Bootstrap init: 1024.8999999910593ms", source: https://www.dazn.com/static/boot-29.403.0-e450984fe55d4a49445b.js (2)
[0917/182909.291:INFO:CONSOLE:2] "✅ App launch: 2353ms", source: https://www.dazn.com/static/boot-29.403.0-e450984fe55d4a49445b.js (2)
[0917/182912.451:INFO:CONSOLE:0] "Access to fetch at 'https://authentication-prod.ar.indazn.com/v1/anonymous-user' from origin 'https://www.dazn.com' has been blocked by CORS policy: No 'Access-Control-Allow-Origin' header is present on the requested resource.", source: https://www.dazn.com/it-IT/home (0)
[0917/182912.453:INFO:CONSOLE:2] "[BOOTSTRAP] Anonymous Token Generation Error TypeError: Failed to fetch", source: https://www.dazn.com/static/boot-29.403.0-e450984fe55d4a49445b.js (2)
[0917/182912.845:INFO:CONSOLE:2] "✅ Bootstrap init: 1844.8999999910593ms", source: https://www.dazn.com/static/boot-29.403.0-e450984fe55d4a49445b.js (2)
[0917/182912.861:INFO:CONSOLE:2] "✅ App launch: 2336.5999999940395ms", source: https://www.dazn.com/static/boot-29.403.0-e450984fe55d4a49445b.js (2)
[0917/182916.940:INFO:CONSOLE:0] "Access to fetch at 'https://authentication-prod.ar.indazn.com/v1/anonymous-user' from origin 'https://www.dazn.com' has been blocked by CORS policy: No 'Access-Control-Allow-Origin' header is present on the requested resource.", source: https://www.dazn.com/it-IT/home (0)
[0917/182916.943:INFO:CONSOLE:2] "[BOOTSTRAP] Anonymous Token Generation Error TypeError: Failed to fetch", source: https://www.dazn.com/static/boot-29.403.0-e450984fe55d4a49445b.js (2)
[0917/182917.445:INFO:CONSOLE:2] "✅ Bootstrap init: 1087.2999999970198ms", source: https://www.dazn.com/static/boot-29.403.0-e450984fe55d4a49445b.js (2)
[0917/182917.463:INFO:CONSOLE:2] "✅ App launch: 1437.5ms", source: https://www.dazn.com/static/boot-29.403.0-e450984fe55d4a49445b.js (2)
[0917/182919.728:INFO:CONSOLE:0] "Access to fetch at 'https://authentication-prod.ar.indazn.com/v1/anonymous-user' from origin 'https://www.dazn.com' has been blocked by CORS policy: No 'Access-Control-Allow-Origin' header is present on the requested resource.", source: https://www.dazn.com/it-IT/home (0)
[0917/182919.730:INFO:CONSOLE:2] "[BOOTSTRAP] Anonymous Token Generation Error TypeError: Failed to fetch", source: https://www.dazn.com/static/boot-29.403.0-e450984fe55d4a49445b.js (2)
[0917/182920.067:INFO:CONSOLE:2] "✅ Bootstrap init: 987.3999999910593ms", source: https://www.dazn.com/static/boot-29.403.0-e450984fe55d4a49445b.js (2)
[0917/182920.083:INFO:CONSOLE:2] "✅ App launch: 1525.5999999940395ms", source: https://www.dazn.com/static/boot-29.403.0-e450984fe55d4a49445b.js (2)
[0917/182923.151:INFO:CONSOLE:0] "Access to fetch at 'https://authentication-prod.ar.indazn.com/v1/anonymous-user' from origin 'https://www.dazn.com' has been blocked by CORS policy: No 'Access-Control-Allow-Origin' header is present on the requested resource.", source: https://www.dazn.com/it-IT/home (0)
[0917/182923.153:INFO:CONSOLE:2] "[BOOTSTRAP] Anonymous Token Generation Error TypeError: Failed to fetch", source: https://www.dazn.com/static/boot-29.403.0-e450984fe55d4a49445b.js (2)
[0917/182923.472:INFO:CONSOLE:2] "✅ Bootstrap init: 1086.3999999910593ms", source: https://www.dazn.com/static/boot-29.403.0-e450984fe55d4a49445b.js (2)
[0917/182923.487:INFO:CONSOLE:2] "✅ App launch: 2192.8999999910593ms", source: https://www.dazn.com/static/boot-29.403.0-e450984fe55d4a49445b.js (2)
[0917/182930.360:INFO:CONSOLE:0] "The resource https://daznx-pbs-game.daznx.indazn.com/_next/static/media/83afe278b6a6bb3c-s.p.2bn3s6zvc0dyp.woff2 was preloaded using link preload but not used within a few seconds from the window's load event. Please make sure it has an appropriate `as` value and it is preloaded intentionally.", source: https://daznx-pbs-game.daznx.indazn.com/ (0)
[0917/182943.191:INFO:CONSOLE:2] "DEPRECATED! Use fe-events for tracking purpose", source: https://www.dazn.com/static/boot-29.403.0-e450984fe55d4a49445b.js (2)
[0917/182943.206:INFO:CONSOLE:0] "The resource https://daznx-pbs-game.daznx.indazn.com/_next/static/media/83afe278b6a6bb3c-s.p.2bn3s6zvc0dyp.woff2 was preloaded using link preload but not used within a few seconds from the window's load event. Please make sure it has an appropriate `as` value and it is preloaded intentionally.", source: https://daznx-pbs-game.daznx.indazn.com/ (0)
[0917/182948.013:INFO:CONSOLE:7] "Error in fetch URL : https://cdn.cookielaw.org/consent/17ee4b6b-233e-41d3-a670-2085e68960ab/01a0a48b-33fb-7419-896d-233f79e31ab5/it.json Exception :TypeError: Failed to fetch", source: https://cdn.cookielaw.org/scripttemplates/202606.1.0/otBannerSdk.js (7)
[0917/182948.384:INFO:CONSOLE:0] "Access to fetch at 'https://authentication-prod.ar.indazn.com/v1/anonymous-user' from origin 'https://www.dazn.com' has been blocked by CORS policy: No 'Access-Control-Allow-Origin' header is present on the requested resource.", source: https://www.dazn.com/it-IT/home (0)
[0917/182948.386:INFO:CONSOLE:2] "[BOOTSTRAP] Anonymous Token Generation Error TypeError: Failed to fetch", source: https://www.dazn.com/static/boot-29.403.0-e450984fe55d4a49445b.js (2)
[0917/182948.588:INFO:CONSOLE:2] "✅ Bootstrap init: 487.5ms", source: https://www.dazn.com/static/boot-29.403.0-e450984fe55d4a49445b.js (2)
[0917/182948.605:INFO:CONSOLE:2] "✅ App launch: 655.0999999940395ms", source: https://www.dazn.com/static/boot-29.403.0-e450984fe55d4a49445b.js (2)
[0917/182953.757:INFO:CONSOLE:0] "Access to fetch at 'https://authentication-prod.ar.indazn.com/v1/anonymous-user' from origin 'https://www.dazn.com' has been blocked by CORS policy: No 'Access-Control-Allow-Origin' header is present on the requested resource.", source: https://www.dazn.com/it-IT/home (0)
[0917/182953.761:INFO:CONSOLE:2] "[BOOTSTRAP] Anonymous Token Generation Error TypeError: Failed to fetch", source: https://www.dazn.com/static/boot-29.403.0-e450984fe55d4a49445b.js (2)
[0917/182954.014:INFO:CONSOLE:2] "✅ Bootstrap init: 690.7000000029802ms", source: https://www.dazn.com/static/boot-29.403.0-e450984fe55d4a49445b.js (2)
[0917/182954.028:INFO:CONSOLE:2] "✅ App launch: 1045.7000000029802ms", source: https://www.dazn.com/static/boot-29.403.0-e450984fe55d4a49445b.js (2)
[0917/183003.681:INFO:CONSOLE:0] "Access to fetch at 'https://authentication-prod.ar.indazn.com/v1/anonymous-user' from origin 'https://www.dazn.com' has been blocked by CORS policy: No 'Access-Control-Allow-Origin' header is present on the requested resource.", source: https://www.dazn.com/it-IT/home (0)
[0917/183003.685:INFO:CONSOLE:2] "[BOOTSTRAP] Anonymous Token Generation Error TypeError: Failed to fetch", source: https://www.dazn.com/static/boot-29.403.0-e450984fe55d4a49445b.js (2)
[0917/183003.992:INFO:CONSOLE:2] "✅ Bootstrap init: 781.2000000029802ms", source: https://www.dazn.com/static/boot-29.403.0-e450984fe55d4a49445b.js (2)
[0917/183004.004:INFO:CONSOLE:2] "✅ App launch: 4595.70000000298ms", source: https://www.dazn.com/static/boot-29.403.0-e450984fe55d4a49445b.js (2)
[0917/183008.717:INFO:CONSOLE:0] "Access to fetch at 'https://authentication-prod.ar.indazn.com/v1/anonymous-user' from origin 'https://www.dazn.com' has been blocked by CORS policy: No 'Access-Control-Allow-Origin' header is present on the requested resource.", source: https://www.dazn.com/it-IT/home (0)
[0917/183008.721:INFO:CONSOLE:2] "[BOOTSTRAP] Anonymous Token Generation Error TypeError: Failed to fetch", source: https://www.dazn.com/static/boot-29.403.0-e450984fe55d4a49445b.js (2)
[0917/183008.992:INFO:CONSOLE:2] "✅ Bootstrap init: 696.6000000089407ms", source: https://www.dazn.com/static/boot-29.403.0-e450984fe55d4a49445b.js (2)
[0917/183009.007:INFO:CONSOLE:2] "✅ App launch: 1259.7000000029802ms", source: https://www.dazn.com/static/boot-29.403.0-e450984fe55d4a49445b.js (2)
[0917/183014.134:INFO:CONSOLE:0] "Access to fetch at 'https://authentication-prod.ar.indazn.com/v1/anonymous-user' from origin 'https://www.dazn.com' has been blocked by CORS policy: No 'Access-Control-Allow-Origin' header is present on the requested resource.", source: https://www.dazn.com/it-IT/home (0)
[0917/183014.140:INFO:CONSOLE:2] "[BOOTSTRAP] Anonymous Token Generation Error TypeError: Failed to fetch", source: https://www.dazn.com/static/boot-29.403.0-e450984fe55d4a49445b.js (2)
[0917/183014.539:INFO:CONSOLE:2] "✅ Bootstrap init: 954.7000000029802ms", source: https://www.dazn.com/static/boot-29.403.0-e450984fe55d4a49445b.js (2)
[0917/183014.556:INFO:CONSOLE:2] "✅ App launch: 1875.2000000029802ms", source: https://www.dazn.com/static/boot-29.403.0-e450984fe55d4a49445b.js (2)
[0917/183019.248:INFO:CONSOLE:0] "Access to fetch at 'https://authentication-prod.ar.indazn.com/v1/anonymous-user' from origin 'https://www.dazn.com' has been blocked by CORS policy: No 'Access-Control-Allow-Origin' header is present on the requested resource.", source: https://www.dazn.com/it-IT/home (0)
[0917/183019.248:INFO:CONSOLE:2] "[BOOTSTRAP] Anonymous Token Generation Error TypeError: Failed to fetch", source: https://www.dazn.com/static/boot-29.403.0-e450984fe55d4a49445b.js (2)
[0917/183019.453:INFO:CONSOLE:2] "✅ Bootstrap init: 588.9000000059605ms", source: https://www.dazn.com/static/boot-29.403.0-e450984fe55d4a49445b.js (2)
[0917/183019.470:INFO:CONSOLE:2] "✅ App launch: 1498.4000000059605ms", source: https://www.dazn.com/static/boot-29.403.0-e450984fe55d4a49445b.js (2)
[0917/183028.956:INFO:CONSOLE:0] "The resource https://daznx-pbs-game.daznx.indazn.com/_next/static/media/83afe278b6a6bb3c-s.p.2bn3s6zvc0dyp.woff2 was preloaded using link preload but not used within a few seconds from the window's load event. Please make sure it has an appropriate `as` value and it is preloaded intentionally.", source: https://daznx-pbs-game.daznx.indazn.com/ (0)
[0917/183033.493:INFO:CONSOLE:2] "DEPRECATED! Use fe-events for tracking purpose", source: https://www.dazn.com/static/boot-29.403.0-e450984fe55d4a49445b.js (2)
[0917/183038.448:INFO:CONSOLE:0] "The resource https://daznx-pbs-game.daznx.indazn.com/_next/static/media/83afe278b6a6bb3c-s.p.2bn3s6zvc0dyp.woff2 was preloaded using link preload but not used within a few seconds from the window's load event. Please make sure it has an appropriate `as` value and it is preloaded intentionally.", source: https://daznx-pbs-game.daznx.indazn.com/ (0)
[0917/183047.155:INFO:CONSOLE:0] "The resource https://daznx-pbs-game.daznx.indazn.com/_next/static/media/83afe278b6a6bb3c-s.p.2bn3s6zvc0dyp.woff2 was preloaded using link preload but not used within a few seconds from the window's load event. Please make sure it has an appropriate `as` value and it is preloaded intentionally.", source: https://daznx-pbs-game.daznx.indazn.com/ (0)
[0917/183047.643:INFO:CONSOLE:2] "[AAT] Setting region to EU based on country code", source: https://c.amazon-adsystem.com/aat/amzn.js (2)
[0917/183047.645:INFO:CONSOLE:2] "[AAT] Region explicitly set to EU", source: https://c.amazon-adsystem.com/aat/amzn.js (2)
[0917/183107.730:INFO:CONSOLE:0] "The resource https://daznx-pbs-game.daznx.indazn.com/_next/static/media/83afe278b6a6bb3c-s.p.2bn3s6zvc0dyp.woff2 was preloaded using link preload but not used within a few seconds from the window's load event. Please make sure it has an appropriate `as` value and it is preloaded intentionally.", source: https://daznx-pbs-game.daznx.indazn.com/ (0)
[0917/183137.757:INFO:CONSOLE:0] "The resource https://daznx-pbs-game.daznx.indazn.com/_next/static/media/83afe278b6a6bb3c-s.p.2bn3s6zvc0dyp.woff2 was preloaded using link preload but not used within a few seconds from the window's load event. Please make sure it has an appropriate `as` value and it is preloaded intentionally.", source: https://daznx-pbs-game.daznx.indazn.com/ (0)
[0917/183207.893:INFO:CONSOLE:0] "The resource https://daznx-pbs-game.daznx.indazn.com/_next/static/media/83afe278b6a6bb3c-s.p.2bn3s6zvc0dyp.woff2 was preloaded using link preload but not used within a few seconds from the window's load event. Please make sure it has an appropriate `as` value and it is preloaded intentionally.", source: https://daznx-pbs-game.daznx.indazn.com/ (0)
[0917/183237.794:INFO:CONSOLE:0] "The resource https://daznx-pbs-game.daznx.indazn.com/_next/static/media/83afe278b6a6bb3c-s.p.2bn3s6zvc0dyp.woff2 was preloaded using link preload but not used within a few seconds from the window's load event. Please make sure it has an appropriate `as` value and it is preloaded intentionally.", source: https://daznx-pbs-game.daznx.indazn.com/ (0)
[0917/183307.747:INFO:CONSOLE:0] "The resource https://daznx-pbs-game.daznx.indazn.com/_next/static/media/83afe278b6a6bb3c-s.p.2bn3s6zvc0dyp.woff2 was preloaded using link preload but not used within a few seconds from the window's load event. Please make sure it has an appropriate `as` value and it is preloaded intentionally.", source: https://daznx-pbs-game.daznx.indazn.com/ (0)
[0917/183337.743:INFO:CONSOLE:0] "The resource https://daznx-pbs-game.daznx.indazn.com/_next/static/media/83afe278b6a6bb3c-s.p.2bn3s6zvc0dyp.woff2 was preloaded using link preload but not used within a few seconds from the window's load event. Please make sure it has an appropriate `as` value and it is preloaded intentionally.", source: https://daznx-pbs-game.daznx.indazn.com/ (0)
[0917/183407.756:INFO:CONSOLE:0] "The resource https://daznx-pbs-game.daznx.indazn.com/_next/static/media/83afe278b6a6bb3c-s.p.2bn3s6zvc0dyp.woff2 was preloaded using link preload but not used within a few seconds from the window's load event. Please make sure it has an appropriate `as` value and it is preloaded intentionally.", source: https://daznx-pbs-game.daznx.indazn.com/ (0)
