2026-09-16 17:34:28.083: [INFO] CurrentProfilePath: C:\Users\alecl\Desktop\dazn11\chrome_profile\Default
2026-09-16 17:34:28.083: [INFO] Profiles total count: 1
2026-09-16 17:34:28.083: [INFO] Profile: name=Profilo 1 path=C:\Users\alecl\Desktop\dazn11\chrome_profile\Default lastActive=null
2026-09-16 17:34:28.083: [INFO] LastUsedProfileDir: C:\Users\alecl\Desktop\dazn11\chrome_profile\Default
2026-09-16 17:34:28.083: [INFO] VisibilityChanged: 0
2026-09-16 17:34:28.208: [INFO] OnDoneLoading sync enabled: 0
2026-09-16 17:34:28.208: [INFO] BookmarkModelLoaded, ids_reassigned: 0
2026-09-16 17:34:28.208: [INFO] BookmarksLoadDropped droppedNodes=0
2026-09-16 17:34:28.208: [INFO] BookmarksSnapshot Startup total=0 bar=0 other=0 mobile=0 showBar=0 showBarNTP=1
2026-09-16 17:35:11.805: [INFO] CurrentProfilePath: C:\Users\alecl\Desktop\dazn11\chrome_profile\Default
2026-09-16 17:35:11.805: [INFO] Profiles total count: 1
2026-09-16 17:35:11.805: [INFO] Profile: name=Personale path=C:\Users\alecl\Desktop\dazn11\chrome_profile\Default lastActive=2026-09-16T17:34:28.165Z
2026-09-16 17:35:11.805: [INFO] LastUsedProfileDir: C:\Users\alecl\Desktop\dazn11\chrome_profile\Default
2026-09-16 17:35:11.805: [INFO] MostRecentlyActiveProfile: name=Personale path=C:\Users\alecl\Desktop\dazn11\chrome_profile\Default lastActive=2026-09-16T17:34:28.165Z
2026-09-16 17:35:11.805: [INFO] VisibilityChanged: 0
2026-09-16 17:35:11.859: [INFO] RecordSyncInitDuration has_sync_been_enabled: 0 state: 3
2026-09-16 17:35:11.862: [INFO] RecordSyncInitDuration has_sync_been_enabled: 0 state: 3
2026-09-16 17:35:11.865: [INFO] RecordSyncInitDuration has_sync_been_enabled: 0 state: 3
2026-09-16 17:35:11.868: [INFO] RecordSyncInitDuration has_sync_been_enabled: 0 state: 3
2026-09-16 17:35:11.871: [INFO] RecordSyncInitDuration has_sync_been_enabled: 0 state: 3
2026-09-16 17:35:11.874: [INFO] RecordSyncInitDuration has_sync_been_enabled: 0 state: 3
2026-09-16 17:35:11.877: [INFO] RecordSyncInitDuration has_sync_been_enabled: 0 state: 3
2026-09-16 17:35:11.880: [INFO] RecordSyncInitDuration has_sync_been_enabled: 0 state: 3
2026-09-16 17:35:11.883: [INFO] RecordSyncInitDuration has_sync_been_enabled: 0 state: 3
2026-09-16 17:35:11.886: [INFO] RecordSyncInitDuration has_sync_been_enabled: 0 state: 3
2026-09-16 17:35:11.908: [INFO] OnDoneLoading sync enabled: 0
2026-09-16 17:35:11.908: [INFO] BookmarkModelLoaded, ids_reassigned: 0
2026-09-16 17:35:11.908: [INFO] BookmarksLoadDropped droppedNodes=0
2026-09-16 17:35:11.908: [INFO] BookmarksSnapshot Startup total=0 bar=0 other=0 mobile=0 showBar=0 showBarNTP=1
2026-09-16 17:35:12.307: [INFO] RecordSyncInitDuration has_sync_been_enabled: 0 state: 3
2026-09-16 17:35:18.889: [INFO] RecordSyncInitDuration has_sync_been_enabled: 0 state: 3
2026-09-16 17:35:18.895: [INFO] RecordSyncInitDuration has_sync_been_enabled: 0 state: 3
2026-09-16 17:35:18.900: [INFO] RecordSyncInitDuration has_sync_been_enabled: 0 state: 3
2026-09-16 17:35:18.905: [INFO] RecordSyncInitDuration has_sync_been_enabled: 0 state: 3
2026-09-16 17:35:18.910: [INFO] RecordSyncInitDuration has_sync_been_enabled: 0 state: 3
2026-09-16 17:35:18.915: [INFO] RecordSyncInitDuration has_sync_been_enabled: 0 state: 3
2026-09-16 17:35:18.921: [INFO] RecordSyncInitDuration has_sync_been_enabled: 0 state: 5
2026-09-16 17:35:18.929: [INFO] RecordSyncInitDuration has_sync_been_enabled: 0 state: 5
2026-09-16 17:35:19.383: [INFO] RecordSyncInitDuration has_sync_been_enabled: 0 state: 5
2026-09-16 17:35:19.400: [INFO] RecordSyncInitDuration has_sync_been_enabled: 0 state: 5
2026-09-16 17:35:19.886: [INFO] RecordSyncInitDuration has_sync_been_enabled: 0 state: 5
2026-09-16 17:35:20.444: [INFO] RecordSyncInitDuration has_sync_been_enabled: 0 state: 5
2026-09-16 17:35:20.458: [INFO] RecordSyncInitDuration has_sync_been_enabled: 0 state: 6
2026-09-16 17:35:20.470: [INFO] RecordSyncInitDuration has_sync_been_enabled: 0 state: 6
2026-09-16 17:35:22.209: [INFO] RecordSyncInitDuration has_sync_been_enabled: 0 state: 6
2026-09-16 17:35:22.218: [INFO] RecordSyncInitDuration has_sync_been_enabled: 0 state: 6
2026-09-16 17:35:22.506: [INFO] RecordSyncInitDuration has_sync_been_enabled: 0 state: 6
2026-09-16 18:09:14.508: [INFO] RecordSyncInitDuration has_sync_been_enabled: 0 state: 6
2026-09-16 18:09:17.060: [INFO] RecordSyncInitDuration has_sync_been_enabled: 0 state: 6
2026-09-16 18:09:30.613: [INFO] RecordSyncInitDuration has_sync_been_enabled: 0 state: 6
2026-09-16 18:09:31.301: [INFO] RecordSyncInitDuration has_sync_been_enabled: 0 state: 6
2026-09-16 19:30:48.928: [INFO] CurrentProfilePath: C:\Users\alecl\Desktop\dazn11\chrome_profile\Default
2026-09-16 19:30:48.928: [INFO] Profiles total count: 1
2026-09-16 19:30:48.928: [INFO] Profile: name=Personale path=C:\Users\alecl\Desktop\dazn11\chrome_profile\Default lastActive=2026-09-16T17:35:11.851Z
2026-09-16 19:30:48.929: [INFO] LastUsedProfileDir: C:\Users\alecl\Desktop\dazn11\chrome_profile\Default
2026-09-16 19:30:48.929: [INFO] MostRecentlyActiveProfile: name=Personale path=C:\Users\alecl\Desktop\dazn11\chrome_profile\Default lastActive=2026-09-16T17:35:11.851Z
2026-09-16 19:30:48.929: [INFO] VisibilityChanged: 0
2026-09-16 19:30:49.027: [INFO] OnDoneLoading sync enabled: 0
2026-09-16 19:30:49.027: [INFO] BookmarkModelLoaded, ids_reassigned: 0
2026-09-16 19:30:49.027: [INFO] BookmarksLoadDropped droppedNodes=0
2026-09-16 19:30:49.027: [INFO] BookmarksSnapshot Startup total=0 bar=0 other=0 mobile=0 showBar=0 showBarNTP=1
2026-09-16 19:30:58.821: [INFO] RecordSyncInitDuration has_sync_been_enabled: 0 state: 3
2026-09-16 19:30:58.827: [INFO] RecordSyncInitDuration has_sync_been_enabled: 0 state: 3
2026-09-16 19:30:58.833: [INFO] RecordSyncInitDuration has_sync_been_enabled: 0 state: 5
2026-09-16 19:30:58.840: [INFO] RecordSyncInitDuration has_sync_been_enabled: 0 state: 5
2026-09-16 19:30:58.847: [INFO] RecordSyncInitDuration has_sync_been_enabled: 0 state: 5
2026-09-16 19:30:58.869: [INFO] RecordSyncInitDuration has_sync_been_enabled: 0 state: 6
2026-09-16 19:30:58.875: [INFO] RecordSyncInitDuration has_sync_been_enabled: 0 state: 6
2026-09-16 19:30:59.859: [INFO] RecordSyncInitDuration has_sync_been_enabled: 0 state: 6
2026-09-16 19:30:59.892: [INFO] RecordSyncInitDuration has_sync_been_enabled: 0 state: 6
2026-09-16 19:31:19.358: [INFO] RecordSyncInitDuration has_sync_been_enabled: 0 state: 6
2026-09-16 19:31:19.900: [INFO] RecordSyncInitDuration has_sync_been_enabled: 0 state: 6
2026-09-16 20:40:02.978: [INFO] RecordSyncInitDuration has_sync_been_enabled: 0 state: 6
2026-09-16 20:40:04.800: [INFO] RecordSyncInitDuration has_sync_been_enabled: 0 state: 6
2026-09-16 20:53:09.667: [INFO] RecordSyncInitDuration has_sync_been_enabled: 0 state: 6
2026-09-16 20:53:10.296: [INFO] RecordSyncInitDuration has_sync_been_enabled: 0 state: 6
2026-09-16 20:58:33.564: [INFO] RecordSyncInitDuration has_sync_been_enabled: 0 state: 6
2026-09-16 20:58:34.136: [INFO] RecordSyncInitDuration has_sync_been_enabled: 0 state: 6
2026-09-16 21:01:32.685: [INFO] RecordSyncInitDuration has_sync_been_enabled: 0 state: 6
2026-09-16 21:01:33.894: [INFO] RecordSyncInitDuration has_sync_been_enabled: 0 state: 6
2026-09-16 21:06:46.059: [INFO] RecordSyncInitDuration has_sync_been_enabled: 0 state: 6
2026-09-16 21:06:47.071: [INFO] RecordSyncInitDuration has_sync_been_enabled: 0 state: 6
2026-09-16 21:07:11.735: [INFO] RecordSyncInitDuration has_sync_been_enabled: 0 state: 6
2026-09-16 21:07:12.453: [INFO] RecordSyncInitDuration has_sync_been_enabled: 0 state: 6
2026-09-16 21:15:06.196: [INFO] RecordSyncInitDuration has_sync_been_enabled: 0 state: 6
2026-09-16 21:15:06.839: [INFO] RecordSyncInitDuration has_sync_been_enabled: 0 state: 6
